Analysis & Synthesis report for DSP_FPGA_IMC_PMSM
Tue Aug 21 09:20:41 2018
Quartus II 64-Bit Version 13.0.1 Build 232 06/12/2013 Service Pack 1 SJ Full Version


---------------------
; Table of Contents ;
---------------------
  1. Legal Notice
  2. Analysis & Synthesis Summary
  3. Analysis & Synthesis Settings
  4. Parallel Compilation
  5. Analysis & Synthesis Source Files Read
  6. Analysis & Synthesis Resource Usage Summary
  7. Analysis & Synthesis Resource Utilization by Entity
  8. Analysis & Synthesis IP Cores Summary
  9. Registers Removed During Synthesis
 10. General Register Statistics
 11. Inverted Register Statistics
 12. Multiplexer Restructuring Statistics (Restructuring Performed)
 13. Parameter Settings for User Entity Instance: div_any:inst
 14. Parameter Settings for User Entity Instance: MainPLL:inst3|altpll:altpll_component
 15. Parameter Settings for User Entity Instance: deadband:inst8
 16. Parameter Settings for User Entity Instance: deadband:inst10
 17. Parameter Settings for User Entity Instance: deadband:inst11
 18. Parameter Settings for User Entity Instance: deadband:inst12
 19. Parameter Settings for User Entity Instance: deadband:inst13
 20. Parameter Settings for User Entity Instance: deadband:inst17
 21. Parameter Settings for User Entity Instance: deadband:inst18
 22. Parameter Settings for User Entity Instance: deadband:inst23
 23. Parameter Settings for User Entity Instance: deadband:inst24
 24. Parameter Settings for User Entity Instance: deadband:inst25
 25. Parameter Settings for User Entity Instance: deadband:inst26
 26. Parameter Settings for User Entity Instance: deadband:inst9
 27. altpll Parameter Settings by Entity Instance
 28. Elapsed Time Per Partition
 29. Analysis & Synthesis Messages
 30. Analysis & Synthesis Suppressed Messages



----------------
; Legal Notice ;
----------------
Copyright (C) 1991-2013 Altera Corporation
Your use of Altera Corporation's design tools, logic functions 
and other software and tools, and its AMPP partner logic 
functions, and any output files from any of the foregoing 
(including device programming or simulation files), and any 
associated documentation or information are expressly subject 
to the terms and conditions of the Altera Program License 
Subscription Agreement, Altera MegaCore Function License 
Agreement, or other applicable license agreement, including, 
without limitation, that your use is for the sole purpose of 
programming logic devices manufactured by Altera and sold by 
Altera or its authorized distributors.  Please refer to the 
applicable agreement for further details.



+---------------------------------------------------------------------------------------+
; Analysis & Synthesis Summary                                                          ;
+------------------------------------+--------------------------------------------------+
; Analysis & Synthesis Status        ; Successful - Tue Aug 21 09:20:41 2018            ;
; Quartus II 64-Bit Version          ; 13.0.1 Build 232 06/12/2013 SP 1 SJ Full Version ;
; Revision Name                      ; DSP_FPGA_IMC_PMSM                                ;
; Top-level Entity Name              ; DSP_FPGA_IMC_PMSM                                ;
; Family                             ; Cyclone III                                      ;
; Total logic elements               ; 1,087                                            ;
;     Total combinational functions  ; 595                                              ;
;     Dedicated logic registers      ; 813                                              ;
; Total registers                    ; 813                                              ;
; Total pins                         ; 64                                               ;
; Total virtual pins                 ; 0                                                ;
; Total memory bits                  ; 0                                                ;
; Embedded Multiplier 9-bit elements ; 0                                                ;
; Total PLLs                         ; 1                                                ;
+------------------------------------+--------------------------------------------------+


+----------------------------------------------------------------------------------------------------------------------+
; Analysis & Synthesis Settings                                                                                        ;
+----------------------------------------------------------------------------+--------------------+--------------------+
; Option                                                                     ; Setting            ; Default Value      ;
+----------------------------------------------------------------------------+--------------------+--------------------+
; Device                                                                     ; EP3C40Q240C8       ;                    ;
; Top-level entity name                                                      ; DSP_FPGA_IMC_PMSM  ; DSP_FPGA_IMC_PMSM  ;
; Family name                                                                ; Cyclone III        ; Cyclone IV GX      ;
; Use smart compilation                                                      ; Off                ; Off                ;
; Enable parallel Assembler and TimeQuest Timing Analyzer during compilation ; On                 ; On                 ;
; Enable compact report table                                                ; Off                ; Off                ;
; Restructure Multiplexers                                                   ; Auto               ; Auto               ;
; Create Debugging Nodes for IP Cores                                        ; Off                ; Off                ;
; Preserve fewer node names                                                  ; On                 ; On                 ;
; Disable OpenCore Plus hardware evaluation                                  ; Off                ; Off                ;
; Verilog Version                                                            ; Verilog_2001       ; Verilog_2001       ;
; VHDL Version                                                               ; VHDL_1993          ; VHDL_1993          ;
; State Machine Processing                                                   ; Auto               ; Auto               ;
; Safe State Machine                                                         ; Off                ; Off                ;
; Extract Verilog State Machines                                             ; On                 ; On                 ;
; Extract VHDL State Machines                                                ; On                 ; On                 ;
; Ignore Verilog initial constructs                                          ; Off                ; Off                ;
; Iteration limit for constant Verilog loops                                 ; 5000               ; 5000               ;
; Iteration limit for non-constant Verilog loops                             ; 250                ; 250                ;
; Add Pass-Through Logic to Inferred RAMs                                    ; On                 ; On                 ;
; Infer RAMs from Raw Logic                                                  ; On                 ; On                 ;
; Parallel Synthesis                                                         ; On                 ; On                 ;
; DSP Block Balancing                                                        ; Auto               ; Auto               ;
; NOT Gate Push-Back                                                         ; On                 ; On                 ;
; Power-Up Don't Care                                                        ; On                 ; On                 ;
; Remove Redundant Logic Cells                                               ; Off                ; Off                ;
; Remove Duplicate Registers                                                 ; On                 ; On                 ;
; Ignore CARRY Buffers                                                       ; Off                ; Off                ;
; Ignore CASCADE Buffers                                                     ; Off                ; Off                ;
; Ignore GLOBAL Buffers                                                      ; Off                ; Off                ;
; Ignore ROW GLOBAL Buffers                                                  ; Off                ; Off                ;
; Ignore LCELL Buffers                                                       ; Off                ; Off                ;
; Ignore SOFT Buffers                                                        ; On                 ; On                 ;
; Limit AHDL Integers to 32 Bits                                             ; Off                ; Off                ;
; Optimization Technique                                                     ; Balanced           ; Balanced           ;
; Carry Chain Length                                                         ; 70                 ; 70                 ;
; Auto Carry Chains                                                          ; On                 ; On                 ;
; Auto Open-Drain Pins                                                       ; On                 ; On                 ;
; Perform WYSIWYG Primitive Resynthesis                                      ; Off                ; Off                ;
; Auto ROM Replacement                                                       ; On                 ; On                 ;
; Auto RAM Replacement                                                       ; On                 ; On                 ;
; Auto DSP Block Replacement                                                 ; On                 ; On                 ;
; Auto Shift Register Replacement                                            ; Auto               ; Auto               ;
; Allow Shift Register Merging across Hierarchies                            ; Auto               ; Auto               ;
; Auto Clock Enable Replacement                                              ; On                 ; On                 ;
; Strict RAM Replacement                                                     ; Off                ; Off                ;
; Allow Synchronous Control Signals                                          ; On                 ; On                 ;
; Force Use of Synchronous Clear Signals                                     ; Off                ; Off                ;
; Auto RAM Block Balancing                                                   ; On                 ; On                 ;
; Auto RAM to Logic Cell Conversion                                          ; Off                ; Off                ;
; Auto Resource Sharing                                                      ; Off                ; Off                ;
; Allow Any RAM Size For Recognition                                         ; Off                ; Off                ;
; Allow Any ROM Size For Recognition                                         ; Off                ; Off                ;
; Allow Any Shift Register Size For Recognition                              ; Off                ; Off                ;
; Use LogicLock Constraints during Resource Balancing                        ; On                 ; On                 ;
; Ignore translate_off and synthesis_off directives                          ; Off                ; Off                ;
; Timing-Driven Synthesis                                                    ; On                 ; On                 ;
; Report Parameter Settings                                                  ; On                 ; On                 ;
; Report Source Assignments                                                  ; On                 ; On                 ;
; Report Connectivity Checks                                                 ; On                 ; On                 ;
; Ignore Maximum Fan-Out Assignments                                         ; Off                ; Off                ;
; Synchronization Register Chain Length                                      ; 2                  ; 2                  ;
; PowerPlay Power Optimization                                               ; Normal compilation ; Normal compilation ;
; HDL message level                                                          ; Level2             ; Level2             ;
; Suppress Register Optimization Related Messages                            ; Off                ; Off                ;
; Number of Removed Registers Reported in Synthesis Report                   ; 5000               ; 5000               ;
; Number of Swept Nodes Reported in Synthesis Report                         ; 5000               ; 5000               ;
; Number of Inverted Registers Reported in Synthesis Report                  ; 100                ; 100                ;
; Clock MUX Protection                                                       ; On                 ; On                 ;
; Auto Gated Clock Conversion                                                ; Off                ; Off                ;
; Block Design Naming                                                        ; Auto               ; Auto               ;
; SDC constraint protection                                                  ; Off                ; Off                ;
; Synthesis Effort                                                           ; Auto               ; Auto               ;
; Shift Register Replacement - Allow Asynchronous Clear Signal               ; On                 ; On                 ;
; Pre-Mapping Resynthesis Optimization                                       ; Off                ; Off                ;
; Analysis & Synthesis Message Level                                         ; Medium             ; Medium             ;
; Disable Register Merging Across Hierarchies                                ; Auto               ; Auto               ;
; Resource Aware Inference For Block RAM                                     ; On                 ; On                 ;
; Synthesis Seed                                                             ; 1                  ; 1                  ;
+----------------------------------------------------------------------------+--------------------+--------------------+


+------------------------------------------+
; Parallel Compilation                     ;
+----------------------------+-------------+
; Processors                 ; Number      ;
+----------------------------+-------------+
; Number detected on machine ; 8           ;
; Maximum allowed            ; 4           ;
;                            ;             ;
; Average used               ; 1.00        ;
; Maximum used               ; 4           ;
;                            ;             ;
; Usage by Processor         ; % Time Used ;
;     Processor 1            ; 100.0%      ;
;     Processors 2-4         ; < 0.1%      ;
;     Processors 5-8         ;   0.0%      ;
+----------------------------+-------------+


+--------------------------------------------------------------------------------------------------------------------------------------------------------------------------------------------------------------+
; Analysis & Synthesis Source Files Read                                                                                                                                                                       ;
+----------------------------------+-----------------+------------------------------------+----------------------------------------------------------------------------------------------------------+---------+
; File Name with User-Entered Path ; Used in Netlist ; File Type                          ; File Name with Absolute Path                                                                             ; Library ;
+----------------------------------+-----------------+------------------------------------+----------------------------------------------------------------------------------------------------------+---------+
; inverter_clk.v                   ; yes             ; User Verilog HDL File              ; D:/WORKSPACES/TSMC workspace/FOC of PMSM Drive Systems/FPGA/FPGA_TSMC_PMSM_B1_V1.0/inverter_clk.v        ;         ;
; deadband.v                       ; yes             ; User Verilog HDL File              ; D:/WORKSPACES/TSMC workspace/FOC of PMSM Drive Systems/FPGA/FPGA_TSMC_PMSM_B1_V1.0/deadband.v            ;         ;
; xfpga_write.v                    ; yes             ; User Verilog HDL File              ; D:/WORKSPACES/TSMC workspace/FOC of PMSM Drive Systems/FPGA/FPGA_TSMC_PMSM_B1_V1.0/xfpga_write.v         ;         ;
; div_any.v                        ; yes             ; User Verilog HDL File              ; D:/WORKSPACES/TSMC workspace/FOC of PMSM Drive Systems/FPGA/FPGA_TSMC_PMSM_B1_V1.0/div_any.v             ;         ;
; xfpga_read.v                     ; yes             ; User Verilog HDL File              ; D:/WORKSPACES/TSMC workspace/FOC of PMSM Drive Systems/FPGA/FPGA_TSMC_PMSM_B1_V1.0/xfpga_read.v          ;         ;
; DSP_FPGA_IMC_PMSM.bdf            ; yes             ; User Block Diagram/Schematic File  ; D:/WORKSPACES/TSMC workspace/FOC of PMSM Drive Systems/FPGA/FPGA_TSMC_PMSM_B1_V1.0/DSP_FPGA_IMC_PMSM.bdf ;         ;
; MainPLL.v                        ; yes             ; User Wizard-Generated File         ; D:/WORKSPACES/TSMC workspace/FOC of PMSM Drive Systems/FPGA/FPGA_TSMC_PMSM_B1_V1.0/MainPLL.v             ;         ;
; grid_duty.v                      ; yes             ; User Verilog HDL File              ; D:/WORKSPACES/TSMC workspace/FOC of PMSM Drive Systems/FPGA/FPGA_TSMC_PMSM_B1_V1.0/grid_duty.v           ;         ;
; retifier_clk.v                   ; yes             ; User Verilog HDL File              ; D:/WORKSPACES/TSMC workspace/FOC of PMSM Drive Systems/FPGA/FPGA_TSMC_PMSM_B1_V1.0/retifier_clk.v        ;         ;
; altpll.tdf                       ; yes             ; Megafunction                       ; c:/altera/13.0sp1/quartus/libraries/megafunctions/altpll.tdf                                             ;         ;
; aglobal130.inc                   ; yes             ; Megafunction                       ; c:/altera/13.0sp1/quartus/libraries/megafunctions/aglobal130.inc                                         ;         ;
; stratix_pll.inc                  ; yes             ; Megafunction                       ; c:/altera/13.0sp1/quartus/libraries/megafunctions/stratix_pll.inc                                        ;         ;
; stratixii_pll.inc                ; yes             ; Megafunction                       ; c:/altera/13.0sp1/quartus/libraries/megafunctions/stratixii_pll.inc                                      ;         ;
; cycloneii_pll.inc                ; yes             ; Megafunction                       ; c:/altera/13.0sp1/quartus/libraries/megafunctions/cycloneii_pll.inc                                      ;         ;
; db/mainpll_altpll.v              ; yes             ; Auto-Generated Megafunction        ; D:/WORKSPACES/TSMC workspace/FOC of PMSM Drive Systems/FPGA/FPGA_TSMC_PMSM_B1_V1.0/db/mainpll_altpll.v   ;         ;
+----------------------------------+-----------------+------------------------------------+----------------------------------------------------------------------------------------------------------+---------+


+------------------------------------------------------------------------------------------------------------------------------------+
; Analysis & Synthesis Resource Usage Summary                                                                                        ;
+---------------------------------------------+--------------------------------------------------------------------------------------+
; Resource                                    ; Usage                                                                                ;
+---------------------------------------------+--------------------------------------------------------------------------------------+
; Estimated Total logic elements              ; 1,087                                                                                ;
;                                             ;                                                                                      ;
; Total combinational functions               ; 595                                                                                  ;
; Logic element usage by number of LUT inputs ;                                                                                      ;
;     -- 4 input functions                    ; 141                                                                                  ;
;     -- 3 input functions                    ; 140                                                                                  ;
;     -- <=2 input functions                  ; 314                                                                                  ;
;                                             ;                                                                                      ;
; Logic elements by mode                      ;                                                                                      ;
;     -- normal mode                          ; 232                                                                                  ;
;     -- arithmetic mode                      ; 363                                                                                  ;
;                                             ;                                                                                      ;
; Total registers                             ; 813                                                                                  ;
;     -- Dedicated logic registers            ; 813                                                                                  ;
;     -- I/O registers                        ; 0                                                                                    ;
;                                             ;                                                                                      ;
; I/O pins                                    ; 64                                                                                   ;
; Embedded Multiplier 9-bit elements          ; 0                                                                                    ;
; Total PLLs                                  ; 1                                                                                    ;
;     -- PLLs                                 ; 1                                                                                    ;
;                                             ;                                                                                      ;
; Maximum fan-out node                        ; MainPLL:inst3|altpll:altpll_component|MainPLL_altpll:auto_generated|wire_pll1_clk[0] ;
; Maximum fan-out                             ; 814                                                                                  ;
; Total fan-out                               ; 4691                                                                                 ;
; Average fan-out                             ; 3.02                                                                                 ;
+---------------------------------------------+--------------------------------------------------------------------------------------+


+--------------------------------------------------------------------------------------------------------------------------------------------------------------------------------------------------------------------------------------------------------------+
; Analysis & Synthesis Resource Utilization by Entity                                                                                                                                                                                                          ;
+------------------------------------------+-------------------+--------------+-------------+--------------+---------+-----------+------+--------------+----------------------------------------------------------------------------------------+--------------+
; Compilation Hierarchy Node               ; LC Combinationals ; LC Registers ; Memory Bits ; DSP Elements ; DSP 9x9 ; DSP 18x18 ; Pins ; Virtual Pins ; Full Hierarchy Name                                                                    ; Library Name ;
+------------------------------------------+-------------------+--------------+-------------+--------------+---------+-----------+------+--------------+----------------------------------------------------------------------------------------+--------------+
; |DSP_FPGA_IMC_PMSM                       ; 595 (0)           ; 813 (0)      ; 0           ; 0            ; 0       ; 0         ; 64   ; 0            ; |DSP_FPGA_IMC_PMSM                                                                     ; work         ;
;    |MainPLL:inst3|                       ; 0 (0)             ; 0 (0)        ; 0           ; 0            ; 0       ; 0         ; 0    ; 0            ; |DSP_FPGA_IMC_PMSM|MainPLL:inst3                                                       ; work         ;
;       |altpll:altpll_component|          ; 0 (0)             ; 0 (0)        ; 0           ; 0            ; 0       ; 0         ; 0    ; 0            ; |DSP_FPGA_IMC_PMSM|MainPLL:inst3|altpll:altpll_component                               ; work         ;
;          |MainPLL_altpll:auto_generated| ; 0 (0)             ; 0 (0)        ; 0           ; 0            ; 0       ; 0         ; 0    ; 0            ; |DSP_FPGA_IMC_PMSM|MainPLL:inst3|altpll:altpll_component|MainPLL_altpll:auto_generated ; work         ;
;    |XFPGA_READ:inst2|                    ; 10 (10)           ; 276 (276)    ; 0           ; 0            ; 0       ; 0         ; 0    ; 0            ; |DSP_FPGA_IMC_PMSM|XFPGA_READ:inst2                                                    ; work         ;
;    |XFPGA_WRITE:inst4|                   ; 45 (45)           ; 96 (96)      ; 0           ; 0            ; 0       ; 0         ; 0    ; 0            ; |DSP_FPGA_IMC_PMSM|XFPGA_WRITE:inst4                                                   ; work         ;
;    |deadband:inst10|                     ; 28 (28)           ; 22 (22)      ; 0           ; 0            ; 0       ; 0         ; 0    ; 0            ; |DSP_FPGA_IMC_PMSM|deadband:inst10                                                     ; work         ;
;    |deadband:inst11|                     ; 28 (28)           ; 22 (22)      ; 0           ; 0            ; 0       ; 0         ; 0    ; 0            ; |DSP_FPGA_IMC_PMSM|deadband:inst11                                                     ; work         ;
;    |deadband:inst12|                     ; 28 (28)           ; 22 (22)      ; 0           ; 0            ; 0       ; 0         ; 0    ; 0            ; |DSP_FPGA_IMC_PMSM|deadband:inst12                                                     ; work         ;
;    |deadband:inst13|                     ; 28 (28)           ; 22 (22)      ; 0           ; 0            ; 0       ; 0         ; 0    ; 0            ; |DSP_FPGA_IMC_PMSM|deadband:inst13                                                     ; work         ;
;    |deadband:inst17|                     ; 28 (28)           ; 22 (22)      ; 0           ; 0            ; 0       ; 0         ; 0    ; 0            ; |DSP_FPGA_IMC_PMSM|deadband:inst17                                                     ; work         ;
;    |deadband:inst18|                     ; 28 (28)           ; 22 (22)      ; 0           ; 0            ; 0       ; 0         ; 0    ; 0            ; |DSP_FPGA_IMC_PMSM|deadband:inst18                                                     ; work         ;
;    |deadband:inst23|                     ; 28 (28)           ; 22 (22)      ; 0           ; 0            ; 0       ; 0         ; 0    ; 0            ; |DSP_FPGA_IMC_PMSM|deadband:inst23                                                     ; work         ;
;    |deadband:inst24|                     ; 28 (28)           ; 22 (22)      ; 0           ; 0            ; 0       ; 0         ; 0    ; 0            ; |DSP_FPGA_IMC_PMSM|deadband:inst24                                                     ; work         ;
;    |deadband:inst25|                     ; 28 (28)           ; 22 (22)      ; 0           ; 0            ; 0       ; 0         ; 0    ; 0            ; |DSP_FPGA_IMC_PMSM|deadband:inst25                                                     ; work         ;
;    |deadband:inst26|                     ; 28 (28)           ; 22 (22)      ; 0           ; 0            ; 0       ; 0         ; 0    ; 0            ; |DSP_FPGA_IMC_PMSM|deadband:inst26                                                     ; work         ;
;    |deadband:inst8|                      ; 28 (28)           ; 22 (22)      ; 0           ; 0            ; 0       ; 0         ; 0    ; 0            ; |DSP_FPGA_IMC_PMSM|deadband:inst8                                                      ; work         ;
;    |deadband:inst9|                      ; 28 (28)           ; 22 (22)      ; 0           ; 0            ; 0       ; 0         ; 0    ; 0            ; |DSP_FPGA_IMC_PMSM|deadband:inst9                                                      ; work         ;
;    |div_any:inst|                        ; 58 (58)           ; 33 (33)      ; 0           ; 0            ; 0       ; 0         ; 0    ; 0            ; |DSP_FPGA_IMC_PMSM|div_any:inst                                                        ; work         ;
;    |grid_duty:inst6|                     ; 22 (22)           ; 33 (33)      ; 0           ; 0            ; 0       ; 0         ; 0    ; 0            ; |DSP_FPGA_IMC_PMSM|grid_duty:inst6                                                     ; work         ;
;    |inverter_clk:inst16|                 ; 36 (36)           ; 35 (35)      ; 0           ; 0            ; 0       ; 0         ; 0    ; 0            ; |DSP_FPGA_IMC_PMSM|inverter_clk:inst16                                                 ; work         ;
;    |inverter_clk:inst21|                 ; 36 (36)           ; 35 (35)      ; 0           ; 0            ; 0       ; 0         ; 0    ; 0            ; |DSP_FPGA_IMC_PMSM|inverter_clk:inst21                                                 ; work         ;
;    |inverter_clk:inst22|                 ; 36 (36)           ; 35 (35)      ; 0           ; 0            ; 0       ; 0         ; 0    ; 0            ; |DSP_FPGA_IMC_PMSM|inverter_clk:inst22                                                 ; work         ;
;    |rectifier_clk:inst5|                 ; 16 (16)           ; 6 (6)        ; 0           ; 0            ; 0       ; 0         ; 0    ; 0            ; |DSP_FPGA_IMC_PMSM|rectifier_clk:inst5                                                 ; work         ;
+------------------------------------------+-------------------+--------------+-------------+--------------+---------+-----------+------+--------------+----------------------------------------------------------------------------------------+--------------+
Note: For table entries with two numbers listed, the numbers in parentheses indicate the number of resources of the given type used by the specific entity alone. The numbers listed outside of parentheses indicate the total resources of the given type used by the specific entity and all of its sub-entities in the hierarchy.


+-------------------------------------------------------------------------------------------------------------------------------------------------------------------------------------------------+
; Analysis & Synthesis IP Cores Summary                                                                                                                                                           ;
+--------+--------------+---------+--------------+--------------+----------------------------------+----------------------------------------------------------------------------------------------+
; Vendor ; IP Core Name ; Version ; Release Date ; License Type ; Entity Instance                  ; IP Include File                                                                              ;
+--------+--------------+---------+--------------+--------------+----------------------------------+----------------------------------------------------------------------------------------------+
; Altera ; ALTPLL       ; 13.0    ; N/A          ; N/A          ; |DSP_FPGA_IMC_PMSM|MainPLL:inst3 ; D:/WORKSPACES/TSMC workspace/FOC of PMSM Drive Systems/FPGA/FPGA_TSMC_PMSM_B1_V1.0/MainPLL.v ;
+--------+--------------+---------+--------------+--------------+----------------------------------+----------------------------------------------------------------------------------------------+


+------------------------------------------------------------------------------------+
; Registers Removed During Synthesis                                                 ;
+----------------------------------------+-------------------------------------------+
; Register name                          ; Reason for Removal                        ;
+----------------------------------------+-------------------------------------------+
; XFPGA_READ:inst2|xdata[13]~en          ; Stuck at GND due to stuck port data_in    ;
; XFPGA_READ:inst2|xdata[12]~en          ; Stuck at GND due to stuck port data_in    ;
; XFPGA_READ:inst2|xdata[11]~en          ; Stuck at GND due to stuck port data_in    ;
; XFPGA_READ:inst2|xdata[10]~en          ; Stuck at GND due to stuck port data_in    ;
; XFPGA_READ:inst2|xdata[9]~en           ; Stuck at GND due to stuck port data_in    ;
; XFPGA_READ:inst2|xdata[8]~en           ; Stuck at GND due to stuck port data_in    ;
; XFPGA_READ:inst2|xdata[7]~en           ; Stuck at GND due to stuck port data_in    ;
; XFPGA_READ:inst2|xdata[6]~en           ; Stuck at GND due to stuck port data_in    ;
; XFPGA_READ:inst2|xdata[5]~en           ; Stuck at GND due to stuck port data_in    ;
; XFPGA_READ:inst2|xdata[4]~en           ; Stuck at GND due to stuck port data_in    ;
; XFPGA_READ:inst2|xdata[3]~en           ; Stuck at GND due to stuck port data_in    ;
; XFPGA_READ:inst2|xdata[2]~en           ; Stuck at GND due to stuck port data_in    ;
; XFPGA_READ:inst2|xdata[1]~en           ; Stuck at GND due to stuck port data_in    ;
; XFPGA_READ:inst2|xdata[0]~en           ; Stuck at GND due to stuck port data_in    ;
; XFPGA_READ:inst2|xdata[14]~en          ; Stuck at GND due to stuck port data_in    ;
; XFPGA_READ:inst2|xdata[15]~en          ; Stuck at GND due to stuck port data_in    ;
; XFPGA_WRITE:inst4|xadd_reg[19]         ; Merged with XFPGA_READ:inst2|xadd_reg[19] ;
; XFPGA_WRITE:inst4|xadd_reg[18]         ; Merged with XFPGA_READ:inst2|xadd_reg[18] ;
; XFPGA_WRITE:inst4|xadd_reg[17]         ; Merged with XFPGA_READ:inst2|xadd_reg[17] ;
; XFPGA_WRITE:inst4|xadd_reg[16]         ; Merged with XFPGA_READ:inst2|xadd_reg[16] ;
; XFPGA_WRITE:inst4|xadd_reg[15]         ; Merged with XFPGA_READ:inst2|xadd_reg[15] ;
; XFPGA_WRITE:inst4|xadd_reg[14]         ; Merged with XFPGA_READ:inst2|xadd_reg[14] ;
; XFPGA_WRITE:inst4|xadd_reg[13]         ; Merged with XFPGA_READ:inst2|xadd_reg[13] ;
; XFPGA_WRITE:inst4|xadd_reg[12]         ; Merged with XFPGA_READ:inst2|xadd_reg[12] ;
; XFPGA_WRITE:inst4|xadd_reg[11]         ; Merged with XFPGA_READ:inst2|xadd_reg[11] ;
; XFPGA_WRITE:inst4|xadd_reg[10]         ; Merged with XFPGA_READ:inst2|xadd_reg[10] ;
; XFPGA_WRITE:inst4|xadd_reg[9]          ; Merged with XFPGA_READ:inst2|xadd_reg[9]  ;
; XFPGA_WRITE:inst4|xadd_reg[8]          ; Merged with XFPGA_READ:inst2|xadd_reg[8]  ;
; XFPGA_WRITE:inst4|xadd_reg[7]          ; Merged with XFPGA_READ:inst2|xadd_reg[7]  ;
; XFPGA_WRITE:inst4|xadd_reg[6]          ; Merged with XFPGA_READ:inst2|xadd_reg[6]  ;
; XFPGA_WRITE:inst4|xadd_reg[5]          ; Merged with XFPGA_READ:inst2|xadd_reg[5]  ;
; XFPGA_WRITE:inst4|xadd_reg[4]          ; Merged with XFPGA_READ:inst2|xadd_reg[4]  ;
; XFPGA_WRITE:inst4|xadd_reg[3]          ; Merged with XFPGA_READ:inst2|xadd_reg[3]  ;
; XFPGA_WRITE:inst4|xadd_reg[2]          ; Merged with XFPGA_READ:inst2|xadd_reg[2]  ;
; XFPGA_WRITE:inst4|xadd_reg[1]          ; Merged with XFPGA_READ:inst2|xadd_reg[1]  ;
; XFPGA_WRITE:inst4|xadd_reg[0]          ; Merged with XFPGA_READ:inst2|xadd_reg[0]  ;
; XFPGA_READ:inst2|xdata[15]~reg0        ; Stuck at GND due to stuck port data_in    ;
; XFPGA_READ:inst2|xdata[14]~reg0        ; Stuck at GND due to stuck port data_in    ;
; XFPGA_READ:inst2|xdata[13]~reg0        ; Stuck at GND due to stuck port data_in    ;
; XFPGA_READ:inst2|xdata[12]~reg0        ; Stuck at GND due to stuck port data_in    ;
; XFPGA_READ:inst2|xdata[11]~reg0        ; Stuck at GND due to stuck port data_in    ;
; XFPGA_READ:inst2|xdata[10]~reg0        ; Stuck at GND due to stuck port data_in    ;
; XFPGA_READ:inst2|xdata[9]~reg0         ; Stuck at GND due to stuck port data_in    ;
; XFPGA_READ:inst2|xdata[8]~reg0         ; Stuck at GND due to stuck port data_in    ;
; XFPGA_READ:inst2|xdata[7]~reg0         ; Stuck at GND due to stuck port data_in    ;
; XFPGA_READ:inst2|xdata[6]~reg0         ; Stuck at GND due to stuck port data_in    ;
; XFPGA_READ:inst2|xdata[5]~reg0         ; Stuck at GND due to stuck port data_in    ;
; XFPGA_READ:inst2|xdata[4]~reg0         ; Stuck at GND due to stuck port data_in    ;
; XFPGA_READ:inst2|xdata[3]~reg0         ; Stuck at GND due to stuck port data_in    ;
; XFPGA_READ:inst2|xdata[2]~reg0         ; Stuck at GND due to stuck port data_in    ;
; XFPGA_READ:inst2|xdata[1]~reg0         ; Stuck at GND due to stuck port data_in    ;
; XFPGA_READ:inst2|xdata[0]~reg0         ; Stuck at GND due to stuck port data_in    ;
; Total Number of Removed Registers = 52 ;                                           ;
+----------------------------------------+-------------------------------------------+


+------------------------------------------------------+
; General Register Statistics                          ;
+----------------------------------------------+-------+
; Statistic                                    ; Value ;
+----------------------------------------------+-------+
; Total registers                              ; 813   ;
; Number of registers using Synchronous Clear  ; 265   ;
; Number of registers using Synchronous Load   ; 0     ;
; Number of registers using Asynchronous Clear ; 781   ;
; Number of registers using Asynchronous Load  ; 0     ;
; Number of registers using Clock Enable       ; 288   ;
; Number of registers using Preset             ; 0     ;
+----------------------------------------------+-------+


+--------------------------------------------------+
; Inverted Register Statistics                     ;
+----------------------------------------+---------+
; Inverted Register                      ; Fan out ;
+----------------------------------------+---------+
; inverter_clk:inst16|Sp2                ; 3       ;
; inverter_clk:inst21|Sp2                ; 3       ;
; inverter_clk:inst22|Sp2                ; 3       ;
; Total number of inverted registers = 3 ;         ;
+----------------------------------------+---------+


+-------------------------------------------------------------------------------------------------------------------------------------------------------------------+
; Multiplexer Restructuring Statistics (Restructuring Performed)                                                                                                    ;
+--------------------+-----------+---------------+----------------------+------------------------+------------+-----------------------------------------------------+
; Multiplexer Inputs ; Bus Width ; Baseline Area ; Area if Restructured ; Saving if Restructured ; Registered ; Example Multiplexer Output                          ;
+--------------------+-----------+---------------+----------------------+------------------------+------------+-----------------------------------------------------+
; 4:1                ; 16 bits   ; 32 LEs        ; 16 LEs               ; 16 LEs                 ; Yes        ; |DSP_FPGA_IMC_PMSM|div_any:inst|cnt[12]             ;
; 4:1                ; 16 bits   ; 32 LEs        ; 32 LEs               ; 0 LEs                  ; Yes        ; |DSP_FPGA_IMC_PMSM|XFPGA_WRITE:inst4|xdata[15]~reg0 ;
+--------------------+-----------+---------------+----------------------+------------------------+------------+-----------------------------------------------------+


+-----------------------------------------------------------+
; Parameter Settings for User Entity Instance: div_any:inst ;
+----------------+-------+----------------------------------+
; Parameter Name ; Value ; Type                             ;
+----------------+-------+----------------------------------+
; N1             ; 5000  ; Signed Integer                   ;
; N2             ; 9998  ; Signed Integer                   ;
+----------------+-------+----------------------------------+
Note: In order to hide this table in the UI and the text report file, please set the "Show Parameter Settings in Synthesis Report" option in "Analysis and Synthesis Settings -> More Settings" to "Off".


+------------------------------------------------------------------------------------+
; Parameter Settings for User Entity Instance: MainPLL:inst3|altpll:altpll_component ;
+-------------------------------+---------------------------+------------------------+
; Parameter Name                ; Value                     ; Type                   ;
+-------------------------------+---------------------------+------------------------+
; OPERATION_MODE                ; NORMAL                    ; Untyped                ;
; PLL_TYPE                      ; AUTO                      ; Untyped                ;
; LPM_HINT                      ; CBX_MODULE_PREFIX=MainPLL ; Untyped                ;
; QUALIFY_CONF_DONE             ; OFF                       ; Untyped                ;
; COMPENSATE_CLOCK              ; CLK0                      ; Untyped                ;
; SCAN_CHAIN                    ; LONG                      ; Untyped                ;
; PRIMARY_CLOCK                 ; INCLK0                    ; Untyped                ;
; INCLK0_INPUT_FREQUENCY        ; 20000                     ; Signed Integer         ;
; INCLK1_INPUT_FREQUENCY        ; 0                         ; Untyped                ;
; GATE_LOCK_SIGNAL              ; NO                        ; Untyped                ;
; GATE_LOCK_COUNTER             ; 0                         ; Untyped                ;
; LOCK_HIGH                     ; 1                         ; Untyped                ;
; LOCK_LOW                      ; 1                         ; Untyped                ;
; VALID_LOCK_MULTIPLIER         ; 1                         ; Untyped                ;
; INVALID_LOCK_MULTIPLIER       ; 5                         ; Untyped                ;
; SWITCH_OVER_ON_LOSSCLK        ; OFF                       ; Untyped                ;
; SWITCH_OVER_ON_GATED_LOCK     ; OFF                       ; Untyped                ;
; ENABLE_SWITCH_OVER_COUNTER    ; OFF                       ; Untyped                ;
; SKIP_VCO                      ; OFF                       ; Untyped                ;
; SWITCH_OVER_COUNTER           ; 0                         ; Untyped                ;
; SWITCH_OVER_TYPE              ; AUTO                      ; Untyped                ;
; FEEDBACK_SOURCE               ; EXTCLK0                   ; Untyped                ;
; BANDWIDTH                     ; 0                         ; Untyped                ;
; BANDWIDTH_TYPE                ; AUTO                      ; Untyped                ;
; SPREAD_FREQUENCY              ; 0                         ; Untyped                ;
; DOWN_SPREAD                   ; 0                         ; Untyped                ;
; SELF_RESET_ON_GATED_LOSS_LOCK ; OFF                       ; Untyped                ;
; SELF_RESET_ON_LOSS_LOCK       ; OFF                       ; Untyped                ;
; CLK9_MULTIPLY_BY              ; 0                         ; Untyped                ;
; CLK8_MULTIPLY_BY              ; 0                         ; Untyped                ;
; CLK7_MULTIPLY_BY              ; 0                         ; Untyped                ;
; CLK6_MULTIPLY_BY              ; 0                         ; Untyped                ;
; CLK5_MULTIPLY_BY              ; 1                         ; Untyped                ;
; CLK4_MULTIPLY_BY              ; 1                         ; Untyped                ;
; CLK3_MULTIPLY_BY              ; 1                         ; Untyped                ;
; CLK2_MULTIPLY_BY              ; 1                         ; Untyped                ;
; CLK1_MULTIPLY_BY              ; 1                         ; Untyped                ;
; CLK0_MULTIPLY_BY              ; 2                         ; Signed Integer         ;
; CLK9_DIVIDE_BY                ; 0                         ; Untyped                ;
; CLK8_DIVIDE_BY                ; 0                         ; Untyped                ;
; CLK7_DIVIDE_BY                ; 0                         ; Untyped                ;
; CLK6_DIVIDE_BY                ; 0                         ; Untyped                ;
; CLK5_DIVIDE_BY                ; 1                         ; Untyped                ;
; CLK4_DIVIDE_BY                ; 1                         ; Untyped                ;
; CLK3_DIVIDE_BY                ; 1                         ; Untyped                ;
; CLK2_DIVIDE_BY                ; 1                         ; Untyped                ;
; CLK1_DIVIDE_BY                ; 1                         ; Untyped                ;
; CLK0_DIVIDE_BY                ; 1                         ; Signed Integer         ;
; CLK9_PHASE_SHIFT              ; 0                         ; Untyped                ;
; CLK8_PHASE_SHIFT              ; 0                         ; Untyped                ;
; CLK7_PHASE_SHIFT              ; 0                         ; Untyped                ;
; CLK6_PHASE_SHIFT              ; 0                         ; Untyped                ;
; CLK5_PHASE_SHIFT              ; 0                         ; Untyped                ;
; CLK4_PHASE_SHIFT              ; 0                         ; Untyped                ;
; CLK3_PHASE_SHIFT              ; 0                         ; Untyped                ;
; CLK2_PHASE_SHIFT              ; 0                         ; Untyped                ;
; CLK1_PHASE_SHIFT              ; 0                         ; Untyped                ;
; CLK0_PHASE_SHIFT              ; 0                         ; Untyped                ;
; CLK5_TIME_DELAY               ; 0                         ; Untyped                ;
; CLK4_TIME_DELAY               ; 0                         ; Untyped                ;
; CLK3_TIME_DELAY               ; 0                         ; Untyped                ;
; CLK2_TIME_DELAY               ; 0                         ; Untyped                ;
; CLK1_TIME_DELAY               ; 0                         ; Untyped                ;
; CLK0_TIME_DELAY               ; 0                         ; Untyped                ;
; CLK9_DUTY_CYCLE               ; 50                        ; Untyped                ;
; CLK8_DUTY_CYCLE               ; 50                        ; Untyped                ;
; CLK7_DUTY_CYCLE               ; 50                        ; Untyped                ;
; CLK6_DUTY_CYCLE               ; 50                        ; Untyped                ;
; CLK5_DUTY_CYCLE               ; 50                        ; Untyped                ;
; CLK4_DUTY_CYCLE               ; 50                        ; Untyped                ;
; CLK3_DUTY_CYCLE               ; 50                        ; Untyped                ;
; CLK2_DUTY_CYCLE               ; 50                        ; Untyped                ;
; CLK1_DUTY_CYCLE               ; 50                        ; Untyped                ;
; CLK0_DUTY_CYCLE               ; 50                        ; Signed Integer         ;
; CLK9_USE_EVEN_COUNTER_MODE    ; OFF                       ; Untyped                ;
; CLK8_USE_EVEN_COUNTER_MODE    ; OFF                       ; Untyped                ;
; CLK7_USE_EVEN_COUNTER_MODE    ; OFF                       ; Untyped                ;
; CLK6_USE_EVEN_COUNTER_MODE    ; OFF                       ; Untyped                ;
; CLK5_USE_EVEN_COUNTER_MODE    ; OFF                       ; Untyped                ;
; CLK4_USE_EVEN_COUNTER_MODE    ; OFF                       ; Untyped                ;
; CLK3_USE_EVEN_COUNTER_MODE    ; OFF                       ; Untyped                ;
; CLK2_USE_EVEN_COUNTER_MODE    ; OFF                       ; Untyped                ;
; CLK1_USE_EVEN_COUNTER_MODE    ; OFF                       ; Untyped                ;
; CLK0_USE_EVEN_COUNTER_MODE    ; OFF                       ; Untyped                ;
; CLK9_USE_EVEN_COUNTER_VALUE   ; OFF                       ; Untyped                ;
; CLK8_USE_EVEN_COUNTER_VALUE   ; OFF                       ; Untyped                ;
; CLK7_USE_EVEN_COUNTER_VALUE   ; OFF                       ; Untyped                ;
; CLK6_USE_EVEN_COUNTER_VALUE   ; OFF                       ; Untyped                ;
; CLK5_USE_EVEN_COUNTER_VALUE   ; OFF                       ; Untyped                ;
; CLK4_USE_EVEN_COUNTER_VALUE   ; OFF                       ; Untyped                ;
; CLK3_USE_EVEN_COUNTER_VALUE   ; OFF                       ; Untyped                ;
; CLK2_USE_EVEN_COUNTER_VALUE   ; OFF                       ; Untyped                ;
; CLK1_USE_EVEN_COUNTER_VALUE   ; OFF                       ; Untyped                ;
; CLK0_USE_EVEN_COUNTER_VALUE   ; OFF                       ; Untyped                ;
; LOCK_WINDOW_UI                ;  0.05                     ; Untyped                ;
; LOCK_WINDOW_UI_BITS           ; UNUSED                    ; Untyped                ;
; VCO_RANGE_DETECTOR_LOW_BITS   ; UNUSED                    ; Untyped                ;
; VCO_RANGE_DETECTOR_HIGH_BITS  ; UNUSED                    ; Untyped                ;
; DPA_MULTIPLY_BY               ; 0                         ; Untyped                ;
; DPA_DIVIDE_BY                 ; 1                         ; Untyped                ;
; DPA_DIVIDER                   ; 0                         ; Untyped                ;
; EXTCLK3_MULTIPLY_BY           ; 1                         ; Untyped                ;
; EXTCLK2_MULTIPLY_BY           ; 1                         ; Untyped                ;
; EXTCLK1_MULTIPLY_BY           ; 1                         ; Untyped                ;
; EXTCLK0_MULTIPLY_BY           ; 1                         ; Untyped                ;
; EXTCLK3_DIVIDE_BY             ; 1                         ; Untyped                ;
; EXTCLK2_DIVIDE_BY             ; 1                         ; Untyped                ;
; EXTCLK1_DIVIDE_BY             ; 1                         ; Untyped                ;
; EXTCLK0_DIVIDE_BY             ; 1                         ; Untyped                ;
; EXTCLK3_PHASE_SHIFT           ; 0                         ; Untyped                ;
; EXTCLK2_PHASE_SHIFT           ; 0                         ; Untyped                ;
; EXTCLK1_PHASE_SHIFT           ; 0                         ; Untyped                ;
; EXTCLK0_PHASE_SHIFT           ; 0                         ; Untyped                ;
; EXTCLK3_TIME_DELAY            ; 0                         ; Untyped                ;
; EXTCLK2_TIME_DELAY            ; 0                         ; Untyped                ;
; EXTCLK1_TIME_DELAY            ; 0                         ; Untyped                ;
; EXTCLK0_TIME_DELAY            ; 0                         ; Untyped                ;
; EXTCLK3_DUTY_CYCLE            ; 50                        ; Untyped                ;
; EXTCLK2_DUTY_CYCLE            ; 50                        ; Untyped                ;
; EXTCLK1_DUTY_CYCLE            ; 50                        ; Untyped                ;
; EXTCLK0_DUTY_CYCLE            ; 50                        ; Untyped                ;
; VCO_MULTIPLY_BY               ; 0                         ; Untyped                ;
; VCO_DIVIDE_BY                 ; 0                         ; Untyped                ;
; SCLKOUT0_PHASE_SHIFT          ; 0                         ; Untyped                ;
; SCLKOUT1_PHASE_SHIFT          ; 0                         ; Untyped                ;
; VCO_MIN                       ; 0                         ; Untyped                ;
; VCO_MAX                       ; 0                         ; Untyped                ;
; VCO_CENTER                    ; 0                         ; Untyped                ;
; PFD_MIN                       ; 0                         ; Untyped                ;
; PFD_MAX                       ; 0                         ; Untyped                ;
; M_INITIAL                     ; 0                         ; Untyped                ;
; M                             ; 0                         ; Untyped                ;
; N                             ; 1                         ; Untyped                ;
; M2                            ; 1                         ; Untyped                ;
; N2                            ; 1                         ; Untyped                ;
; SS                            ; 1                         ; Untyped                ;
; C0_HIGH                       ; 0                         ; Untyped                ;
; C1_HIGH                       ; 0                         ; Untyped                ;
; C2_HIGH                       ; 0                         ; Untyped                ;
; C3_HIGH                       ; 0                         ; Untyped                ;
; C4_HIGH                       ; 0                         ; Untyped                ;
; C5_HIGH                       ; 0                         ; Untyped                ;
; C6_HIGH                       ; 0                         ; Untyped                ;
; C7_HIGH                       ; 0                         ; Untyped                ;
; C8_HIGH                       ; 0                         ; Untyped                ;
; C9_HIGH                       ; 0                         ; Untyped                ;
; C0_LOW                        ; 0                         ; Untyped                ;
; C1_LOW                        ; 0                         ; Untyped                ;
; C2_LOW                        ; 0                         ; Untyped                ;
; C3_LOW                        ; 0                         ; Untyped                ;
; C4_LOW                        ; 0                         ; Untyped                ;
; C5_LOW                        ; 0                         ; Untyped                ;
; C6_LOW                        ; 0                         ; Untyped                ;
; C7_LOW                        ; 0                         ; Untyped                ;
; C8_LOW                        ; 0                         ; Untyped                ;
; C9_LOW                        ; 0                         ; Untyped                ;
; C0_INITIAL                    ; 0                         ; Untyped                ;
; C1_INITIAL                    ; 0                         ; Untyped                ;
; C2_INITIAL                    ; 0                         ; Untyped                ;
; C3_INITIAL                    ; 0                         ; Untyped                ;
; C4_INITIAL                    ; 0                         ; Untyped                ;
; C5_INITIAL                    ; 0                         ; Untyped                ;
; C6_INITIAL                    ; 0                         ; Untyped                ;
; C7_INITIAL                    ; 0                         ; Untyped                ;
; C8_INITIAL                    ; 0                         ; Untyped                ;
; C9_INITIAL                    ; 0                         ; Untyped                ;
; C0_MODE                       ; BYPASS                    ; Untyped                ;
; C1_MODE                       ; BYPASS                    ; Untyped                ;
; C2_MODE                       ; BYPASS                    ; Untyped                ;
; C3_MODE                       ; BYPASS                    ; Untyped                ;
; C4_MODE                       ; BYPASS                    ; Untyped                ;
; C5_MODE                       ; BYPASS                    ; Untyped                ;
; C6_MODE                       ; BYPASS                    ; Untyped                ;
; C7_MODE                       ; BYPASS                    ; Untyped                ;
; C8_MODE                       ; BYPASS                    ; Untyped                ;
; C9_MODE                       ; BYPASS                    ; Untyped                ;
; C0_PH                         ; 0                         ; Untyped                ;
; C1_PH                         ; 0                         ; Untyped                ;
; C2_PH                         ; 0                         ; Untyped                ;
; C3_PH                         ; 0                         ; Untyped                ;
; C4_PH                         ; 0                         ; Untyped                ;
; C5_PH                         ; 0                         ; Untyped                ;
; C6_PH                         ; 0                         ; Untyped                ;
; C7_PH                         ; 0                         ; Untyped                ;
; C8_PH                         ; 0                         ; Untyped                ;
; C9_PH                         ; 0                         ; Untyped                ;
; L0_HIGH                       ; 1                         ; Untyped                ;
; L1_HIGH                       ; 1                         ; Untyped                ;
; G0_HIGH                       ; 1                         ; Untyped                ;
; G1_HIGH                       ; 1                         ; Untyped                ;
; G2_HIGH                       ; 1                         ; Untyped                ;
; G3_HIGH                       ; 1                         ; Untyped                ;
; E0_HIGH                       ; 1                         ; Untyped                ;
; E1_HIGH                       ; 1                         ; Untyped                ;
; E2_HIGH                       ; 1                         ; Untyped                ;
; E3_HIGH                       ; 1                         ; Untyped                ;
; L0_LOW                        ; 1                         ; Untyped                ;
; L1_LOW                        ; 1                         ; Untyped                ;
; G0_LOW                        ; 1                         ; Untyped                ;
; G1_LOW                        ; 1                         ; Untyped                ;
; G2_LOW                        ; 1                         ; Untyped                ;
; G3_LOW                        ; 1                         ; Untyped                ;
; E0_LOW                        ; 1                         ; Untyped                ;
; E1_LOW                        ; 1                         ; Untyped                ;
; E2_LOW                        ; 1                         ; Untyped                ;
; E3_LOW                        ; 1                         ; Untyped                ;
; L0_INITIAL                    ; 1                         ; Untyped                ;
; L1_INITIAL                    ; 1                         ; Untyped                ;
; G0_INITIAL                    ; 1                         ; Untyped                ;
; G1_INITIAL                    ; 1                         ; Untyped                ;
; G2_INITIAL                    ; 1                         ; Untyped                ;
; G3_INITIAL                    ; 1                         ; Untyped                ;
; E0_INITIAL                    ; 1                         ; Untyped                ;
; E1_INITIAL                    ; 1                         ; Untyped                ;
; E2_INITIAL                    ; 1                         ; Untyped                ;
; E3_INITIAL                    ; 1                         ; Untyped                ;
; L0_MODE                       ; BYPASS                    ; Untyped                ;
; L1_MODE                       ; BYPASS                    ; Untyped                ;
; G0_MODE                       ; BYPASS                    ; Untyped                ;
; G1_MODE                       ; BYPASS                    ; Untyped                ;
; G2_MODE                       ; BYPASS                    ; Untyped                ;
; G3_MODE                       ; BYPASS                    ; Untyped                ;
; E0_MODE                       ; BYPASS                    ; Untyped                ;
; E1_MODE                       ; BYPASS                    ; Untyped                ;
; E2_MODE                       ; BYPASS                    ; Untyped                ;
; E3_MODE                       ; BYPASS                    ; Untyped                ;
; L0_PH                         ; 0                         ; Untyped                ;
; L1_PH                         ; 0                         ; Untyped                ;
; G0_PH                         ; 0                         ; Untyped                ;
; G1_PH                         ; 0                         ; Untyped                ;
; G2_PH                         ; 0                         ; Untyped                ;
; G3_PH                         ; 0                         ; Untyped                ;
; E0_PH                         ; 0                         ; Untyped                ;
; E1_PH                         ; 0                         ; Untyped                ;
; E2_PH                         ; 0                         ; Untyped                ;
; E3_PH                         ; 0                         ; Untyped                ;
; M_PH                          ; 0                         ; Untyped                ;
; C1_USE_CASC_IN                ; OFF                       ; Untyped                ;
; C2_USE_CASC_IN                ; OFF                       ; Untyped                ;
; C3_USE_CASC_IN                ; OFF                       ; Untyped                ;
; C4_USE_CASC_IN                ; OFF                       ; Untyped                ;
; C5_USE_CASC_IN                ; OFF                       ; Untyped                ;
; C6_USE_CASC_IN                ; OFF                       ; Untyped                ;
; C7_USE_CASC_IN                ; OFF                       ; Untyped                ;
; C8_USE_CASC_IN                ; OFF                       ; Untyped                ;
; C9_USE_CASC_IN                ; OFF                       ; Untyped                ;
; CLK0_COUNTER                  ; G0                        ; Untyped                ;
; CLK1_COUNTER                  ; G0                        ; Untyped                ;
; CLK2_COUNTER                  ; G0                        ; Untyped                ;
; CLK3_COUNTER                  ; G0                        ; Untyped                ;
; CLK4_COUNTER                  ; G0                        ; Untyped                ;
; CLK5_COUNTER                  ; G0                        ; Untyped                ;
; CLK6_COUNTER                  ; E0                        ; Untyped                ;
; CLK7_COUNTER                  ; E1                        ; Untyped                ;
; CLK8_COUNTER                  ; E2                        ; Untyped                ;
; CLK9_COUNTER                  ; E3                        ; Untyped                ;
; L0_TIME_DELAY                 ; 0                         ; Untyped                ;
; L1_TIME_DELAY                 ; 0                         ; Untyped                ;
; G0_TIME_DELAY                 ; 0                         ; Untyped                ;
; G1_TIME_DELAY                 ; 0                         ; Untyped                ;
; G2_TIME_DELAY                 ; 0                         ; Untyped                ;
; G3_TIME_DELAY                 ; 0                         ; Untyped                ;
; E0_TIME_DELAY                 ; 0                         ; Untyped                ;
; E1_TIME_DELAY                 ; 0                         ; Untyped                ;
; E2_TIME_DELAY                 ; 0                         ; Untyped                ;
; E3_TIME_DELAY                 ; 0                         ; Untyped                ;
; M_TIME_DELAY                  ; 0                         ; Untyped                ;
; N_TIME_DELAY                  ; 0                         ; Untyped                ;
; EXTCLK3_COUNTER               ; E3                        ; Untyped                ;
; EXTCLK2_COUNTER               ; E2                        ; Untyped                ;
; EXTCLK1_COUNTER               ; E1                        ; Untyped                ;
; EXTCLK0_COUNTER               ; E0                        ; Untyped                ;
; ENABLE0_COUNTER               ; L0                        ; Untyped                ;
; ENABLE1_COUNTER               ; L0                        ; Untyped                ;
; CHARGE_PUMP_CURRENT           ; 2                         ; Untyped                ;
; LOOP_FILTER_R                 ;  1.000000                 ; Untyped                ;
; LOOP_FILTER_C                 ; 5                         ; Untyped                ;
; CHARGE_PUMP_CURRENT_BITS      ; 9999                      ; Untyped                ;
; LOOP_FILTER_R_BITS            ; 9999                      ; Untyped                ;
; LOOP_FILTER_C_BITS            ; 9999                      ; Untyped                ;
; VCO_POST_SCALE                ; 0                         ; Untyped                ;
; CLK2_OUTPUT_FREQUENCY         ; 0                         ; Untyped                ;
; CLK1_OUTPUT_FREQUENCY         ; 0                         ; Untyped                ;
; CLK0_OUTPUT_FREQUENCY         ; 0                         ; Untyped                ;
; INTENDED_DEVICE_FAMILY        ; Cyclone III               ; Untyped                ;
; PORT_CLKENA0                  ; PORT_UNUSED               ; Untyped                ;
; PORT_CLKENA1                  ; PORT_UNUSED               ; Untyped                ;
; PORT_CLKENA2                  ; PORT_UNUSED               ; Untyped                ;
; PORT_CLKENA3                  ; PORT_UNUSED               ; Untyped                ;
; PORT_CLKENA4                  ; PORT_UNUSED               ; Untyped                ;
; PORT_CLKENA5                  ; PORT_UNUSED               ; Untyped                ;
; PORT_EXTCLKENA0               ; PORT_CONNECTIVITY         ; Untyped                ;
; PORT_EXTCLKENA1               ; PORT_CONNECTIVITY         ; Untyped                ;
; PORT_EXTCLKENA2               ; PORT_CONNECTIVITY         ; Untyped                ;
; PORT_EXTCLKENA3               ; PORT_CONNECTIVITY         ; Untyped                ;
; PORT_EXTCLK0                  ; PORT_UNUSED               ; Untyped                ;
; PORT_EXTCLK1                  ; PORT_UNUSED               ; Untyped                ;
; PORT_EXTCLK2                  ; PORT_UNUSED               ; Untyped                ;
; PORT_EXTCLK3                  ; PORT_UNUSED               ; Untyped                ;
; PORT_CLKBAD0                  ; PORT_UNUSED               ; Untyped                ;
; PORT_CLKBAD1                  ; PORT_UNUSED               ; Untyped                ;
; PORT_CLK0                     ; PORT_USED                 ; Untyped                ;
; PORT_CLK1                     ; PORT_UNUSED               ; Untyped                ;
; PORT_CLK2                     ; PORT_UNUSED               ; Untyped                ;
; PORT_CLK3                     ; PORT_UNUSED               ; Untyped                ;
; PORT_CLK4                     ; PORT_UNUSED               ; Untyped                ;
; PORT_CLK5                     ; PORT_UNUSED               ; Untyped                ;
; PORT_CLK6                     ; PORT_UNUSED               ; Untyped                ;
; PORT_CLK7                     ; PORT_UNUSED               ; Untyped                ;
; PORT_CLK8                     ; PORT_UNUSED               ; Untyped                ;
; PORT_CLK9                     ; PORT_UNUSED               ; Untyped                ;
; PORT_SCANDATA                 ; PORT_UNUSED               ; Untyped                ;
; PORT_SCANDATAOUT              ; PORT_UNUSED               ; Untyped                ;
; PORT_SCANDONE                 ; PORT_UNUSED               ; Untyped                ;
; PORT_SCLKOUT1                 ; PORT_CONNECTIVITY         ; Untyped                ;
; PORT_SCLKOUT0                 ; PORT_CONNECTIVITY         ; Untyped                ;
; PORT_ACTIVECLOCK              ; PORT_UNUSED               ; Untyped                ;
; PORT_CLKLOSS                  ; PORT_UNUSED               ; Untyped                ;
; PORT_INCLK1                   ; PORT_UNUSED               ; Untyped                ;
; PORT_INCLK0                   ; PORT_USED                 ; Untyped                ;
; PORT_FBIN                     ; PORT_UNUSED               ; Untyped                ;
; PORT_PLLENA                   ; PORT_UNUSED               ; Untyped                ;
; PORT_CLKSWITCH                ; PORT_UNUSED               ; Untyped                ;
; PORT_ARESET                   ; PORT_USED                 ; Untyped                ;
; PORT_PFDENA                   ; PORT_UNUSED               ; Untyped                ;
; PORT_SCANCLK                  ; PORT_UNUSED               ; Untyped                ;
; PORT_SCANACLR                 ; PORT_UNUSED               ; Untyped                ;
; PORT_SCANREAD                 ; PORT_UNUSED               ; Untyped                ;
; PORT_SCANWRITE                ; PORT_UNUSED               ; Untyped                ;
; PORT_ENABLE0                  ; PORT_CONNECTIVITY         ; Untyped                ;
; PORT_ENABLE1                  ; PORT_CONNECTIVITY         ; Untyped                ;
; PORT_LOCKED                   ; PORT_UNUSED               ; Untyped                ;
; PORT_CONFIGUPDATE             ; PORT_UNUSED               ; Untyped                ;
; PORT_FBOUT                    ; PORT_CONNECTIVITY         ; Untyped                ;
; PORT_PHASEDONE                ; PORT_UNUSED               ; Untyped                ;
; PORT_PHASESTEP                ; PORT_UNUSED               ; Untyped                ;
; PORT_PHASEUPDOWN              ; PORT_UNUSED               ; Untyped                ;
; PORT_SCANCLKENA               ; PORT_UNUSED               ; Untyped                ;
; PORT_PHASECOUNTERSELECT       ; PORT_UNUSED               ; Untyped                ;
; PORT_VCOOVERRANGE             ; PORT_CONNECTIVITY         ; Untyped                ;
; PORT_VCOUNDERRANGE            ; PORT_CONNECTIVITY         ; Untyped                ;
; M_TEST_SOURCE                 ; 5                         ; Untyped                ;
; C0_TEST_SOURCE                ; 5                         ; Untyped                ;
; C1_TEST_SOURCE                ; 5                         ; Untyped                ;
; C2_TEST_SOURCE                ; 5                         ; Untyped                ;
; C3_TEST_SOURCE                ; 5                         ; Untyped                ;
; C4_TEST_SOURCE                ; 5                         ; Untyped                ;
; C5_TEST_SOURCE                ; 5                         ; Untyped                ;
; C6_TEST_SOURCE                ; 5                         ; Untyped                ;
; C7_TEST_SOURCE                ; 5                         ; Untyped                ;
; C8_TEST_SOURCE                ; 5                         ; Untyped                ;
; C9_TEST_SOURCE                ; 5                         ; Untyped                ;
; CBXI_PARAMETER                ; MainPLL_altpll            ; Untyped                ;
; VCO_FREQUENCY_CONTROL         ; AUTO                      ; Untyped                ;
; VCO_PHASE_SHIFT_STEP          ; 0                         ; Untyped                ;
; WIDTH_CLOCK                   ; 5                         ; Signed Integer         ;
; WIDTH_PHASECOUNTERSELECT      ; 4                         ; Untyped                ;
; USING_FBMIMICBIDIR_PORT       ; OFF                       ; Untyped                ;
; DEVICE_FAMILY                 ; Cyclone III               ; Untyped                ;
; SCAN_CHAIN_MIF_FILE           ; UNUSED                    ; Untyped                ;
; SIM_GATE_LOCK_DEVICE_BEHAVIOR ; OFF                       ; Untyped                ;
; AUTO_CARRY_CHAINS             ; ON                        ; AUTO_CARRY             ;
; IGNORE_CARRY_BUFFERS          ; OFF                       ; IGNORE_CARRY           ;
; AUTO_CASCADE_CHAINS           ; ON                        ; AUTO_CASCADE           ;
; IGNORE_CASCADE_BUFFERS        ; OFF                       ; IGNORE_CASCADE         ;
+-------------------------------+---------------------------+------------------------+
Note: In order to hide this table in the UI and the text report file, please set the "Show Parameter Settings in Synthesis Report" option in "Analysis and Synthesis Settings -> More Settings" to "Off".


+-------------------------------------------------------------+
; Parameter Settings for User Entity Instance: deadband:inst8 ;
+----------------+-------+------------------------------------+
; Parameter Name ; Value ; Type                               ;
+----------------+-------+------------------------------------+
; RED            ; 500   ; Signed Integer                     ;
+----------------+-------+------------------------------------+
Note: In order to hide this table in the UI and the text report file, please set the "Show Parameter Settings in Synthesis Report" option in "Analysis and Synthesis Settings -> More Settings" to "Off".


+--------------------------------------------------------------+
; Parameter Settings for User Entity Instance: deadband:inst10 ;
+----------------+-------+-------------------------------------+
; Parameter Name ; Value ; Type                                ;
+----------------+-------+-------------------------------------+
; RED            ; 500   ; Signed Integer                      ;
+----------------+-------+-------------------------------------+
Note: In order to hide this table in the UI and the text report file, please set the "Show Parameter Settings in Synthesis Report" option in "Analysis and Synthesis Settings -> More Settings" to "Off".


+--------------------------------------------------------------+
; Parameter Settings for User Entity Instance: deadband:inst11 ;
+----------------+-------+-------------------------------------+
; Parameter Name ; Value ; Type                                ;
+----------------+-------+-------------------------------------+
; RED            ; 500   ; Signed Integer                      ;
+----------------+-------+-------------------------------------+
Note: In order to hide this table in the UI and the text report file, please set the "Show Parameter Settings in Synthesis Report" option in "Analysis and Synthesis Settings -> More Settings" to "Off".


+--------------------------------------------------------------+
; Parameter Settings for User Entity Instance: deadband:inst12 ;
+----------------+-------+-------------------------------------+
; Parameter Name ; Value ; Type                                ;
+----------------+-------+-------------------------------------+
; RED            ; 500   ; Signed Integer                      ;
+----------------+-------+-------------------------------------+
Note: In order to hide this table in the UI and the text report file, please set the "Show Parameter Settings in Synthesis Report" option in "Analysis and Synthesis Settings -> More Settings" to "Off".


+--------------------------------------------------------------+
; Parameter Settings for User Entity Instance: deadband:inst13 ;
+----------------+-------+-------------------------------------+
; Parameter Name ; Value ; Type                                ;
+----------------+-------+-------------------------------------+
; RED            ; 500   ; Signed Integer                      ;
+----------------+-------+-------------------------------------+
Note: In order to hide this table in the UI and the text report file, please set the "Show Parameter Settings in Synthesis Report" option in "Analysis and Synthesis Settings -> More Settings" to "Off".


+--------------------------------------------------------------+
; Parameter Settings for User Entity Instance: deadband:inst17 ;
+----------------+-------+-------------------------------------+
; Parameter Name ; Value ; Type                                ;
+----------------+-------+-------------------------------------+
; RED            ; 500   ; Signed Integer                      ;
+----------------+-------+-------------------------------------+
Note: In order to hide this table in the UI and the text report file, please set the "Show Parameter Settings in Synthesis Report" option in "Analysis and Synthesis Settings -> More Settings" to "Off".


+--------------------------------------------------------------+
; Parameter Settings for User Entity Instance: deadband:inst18 ;
+----------------+-------+-------------------------------------+
; Parameter Name ; Value ; Type                                ;
+----------------+-------+-------------------------------------+
; RED            ; 500   ; Signed Integer                      ;
+----------------+-------+-------------------------------------+
Note: In order to hide this table in the UI and the text report file, please set the "Show Parameter Settings in Synthesis Report" option in "Analysis and Synthesis Settings -> More Settings" to "Off".


+--------------------------------------------------------------+
; Parameter Settings for User Entity Instance: deadband:inst23 ;
+----------------+-------+-------------------------------------+
; Parameter Name ; Value ; Type                                ;
+----------------+-------+-------------------------------------+
; RED            ; 500   ; Signed Integer                      ;
+----------------+-------+-------------------------------------+
Note: In order to hide this table in the UI and the text report file, please set the "Show Parameter Settings in Synthesis Report" option in "Analysis and Synthesis Settings -> More Settings" to "Off".


+--------------------------------------------------------------+
; Parameter Settings for User Entity Instance: deadband:inst24 ;
+----------------+-------+-------------------------------------+
; Parameter Name ; Value ; Type                                ;
+----------------+-------+-------------------------------------+
; RED            ; 500   ; Signed Integer                      ;
+----------------+-------+-------------------------------------+
Note: In order to hide this table in the UI and the text report file, please set the "Show Parameter Settings in Synthesis Report" option in "Analysis and Synthesis Settings -> More Settings" to "Off".


+--------------------------------------------------------------+
; Parameter Settings for User Entity Instance: deadband:inst25 ;
+----------------+-------+-------------------------------------+
; Parameter Name ; Value ; Type                                ;
+----------------+-------+-------------------------------------+
; RED            ; 500   ; Signed Integer                      ;
+----------------+-------+-------------------------------------+
Note: In order to hide this table in the UI and the text report file, please set the "Show Parameter Settings in Synthesis Report" option in "Analysis and Synthesis Settings -> More Settings" to "Off".


+--------------------------------------------------------------+
; Parameter Settings for User Entity Instance: deadband:inst26 ;
+----------------+-------+-------------------------------------+
; Parameter Name ; Value ; Type                                ;
+----------------+-------+-------------------------------------+
; RED            ; 500   ; Signed Integer                      ;
+----------------+-------+-------------------------------------+
Note: In order to hide this table in the UI and the text report file, please set the "Show Parameter Settings in Synthesis Report" option in "Analysis and Synthesis Settings -> More Settings" to "Off".


+-------------------------------------------------------------+
; Parameter Settings for User Entity Instance: deadband:inst9 ;
+----------------+-------+------------------------------------+
; Parameter Name ; Value ; Type                               ;
+----------------+-------+------------------------------------+
; RED            ; 500   ; Signed Integer                     ;
+----------------+-------+------------------------------------+
Note: In order to hide this table in the UI and the text report file, please set the "Show Parameter Settings in Synthesis Report" option in "Analysis and Synthesis Settings -> More Settings" to "Off".


+-----------------------------------------------------------------------+
; altpll Parameter Settings by Entity Instance                          ;
+-------------------------------+---------------------------------------+
; Name                          ; Value                                 ;
+-------------------------------+---------------------------------------+
; Number of entity instances    ; 1                                     ;
; Entity Instance               ; MainPLL:inst3|altpll:altpll_component ;
;     -- OPERATION_MODE         ; NORMAL                                ;
;     -- PLL_TYPE               ; AUTO                                  ;
;     -- PRIMARY_CLOCK          ; INCLK0                                ;
;     -- INCLK0_INPUT_FREQUENCY ; 20000                                 ;
;     -- INCLK1_INPUT_FREQUENCY ; 0                                     ;
;     -- VCO_MULTIPLY_BY        ; 0                                     ;
;     -- VCO_DIVIDE_BY          ; 0                                     ;
+-------------------------------+---------------------------------------+


+-------------------------------+
; Elapsed Time Per Partition    ;
+----------------+--------------+
; Partition Name ; Elapsed Time ;
+----------------+--------------+
; Top            ; 00:00:01     ;
+----------------+--------------+


+-------------------------------+
; Analysis & Synthesis Messages ;
+-------------------------------+
Info: *******************************************************************
Info: Running Quartus II 64-Bit Analysis & Synthesis
    Info: Version 13.0.1 Build 232 06/12/2013 Service Pack 1 SJ Full Version
    Info: Processing started: Tue Aug 21 09:20:37 2018
Info: Command: quartus_map --read_settings_files=on --write_settings_files=off DSP_FPGA_IMC_PMSM -c DSP_FPGA_IMC_PMSM
Info (11104): Parallel Compilation has detected 8 hyper-threaded processors. However, the extra hyper-threaded processors will not be used by default. Parallel Compilation will use 4 of the 4 physical processors detected instead.
Info (12021): Found 1 design units, including 1 entities, in source file inverter_clk.v
    Info (12023): Found entity 1: inverter_clk
Info (12021): Found 1 design units, including 1 entities, in source file deadband.v
    Info (12023): Found entity 1: deadband
Info (12021): Found 1 design units, including 1 entities, in source file xfpga_write.v
    Info (12023): Found entity 1: XFPGA_WRITE
Info (12021): Found 1 design units, including 1 entities, in source file div_any.v
    Info (12023): Found entity 1: div_any
Info (12021): Found 1 design units, including 1 entities, in source file xfpga_read.v
    Info (12023): Found entity 1: XFPGA_READ
Info (12021): Found 1 design units, including 1 entities, in source file dsp_fpga_imc_pmsm.bdf
    Info (12023): Found entity 1: DSP_FPGA_IMC_PMSM
Info (12021): Found 1 design units, including 1 entities, in source file mainpll.v
    Info (12023): Found entity 1: MainPLL
Info (12021): Found 1 design units, including 1 entities, in source file grid_duty.v
    Info (12023): Found entity 1: grid_duty
Info (12021): Found 1 design units, including 1 entities, in source file retifier_clk.v
    Info (12023): Found entity 1: rectifier_clk
Info (12127): Elaborating entity "DSP_FPGA_IMC_PMSM" for the top level hierarchy
Info (12128): Elaborating entity "div_any" for hierarchy "div_any:inst"
Info (12128): Elaborating entity "MainPLL" for hierarchy "MainPLL:inst3"
Info (12128): Elaborating entity "altpll" for hierarchy "MainPLL:inst3|altpll:altpll_component"
Info (12130): Elaborated megafunction instantiation "MainPLL:inst3|altpll:altpll_component"
Info (12133): Instantiated megafunction "MainPLL:inst3|altpll:altpll_component" with the following parameter:
    Info (12134): Parameter "bandwidth_type" = "AUTO"
    Info (12134): Parameter "clk0_divide_by" = "1"
    Info (12134): Parameter "clk0_duty_cycle" = "50"
    Info (12134): Parameter "clk0_multiply_by" = "2"
    Info (12134): Parameter "clk0_phase_shift" = "0"
    Info (12134): Parameter "compensate_clock" = "CLK0"
    Info (12134): Parameter "inclk0_input_frequency" = "20000"
    Info (12134): Parameter "intended_device_family" = "Cyclone III"
    Info (12134): Parameter "lpm_hint" = "CBX_MODULE_PREFIX=MainPLL"
    Info (12134): Parameter "lpm_type" = "altpll"
    Info (12134): Parameter "operation_mode" = "NORMAL"
    Info (12134): Parameter "pll_type" = "AUTO"
    Info (12134): Parameter "port_activeclock" = "PORT_UNUSED"
    Info (12134): Parameter "port_areset" = "PORT_USED"
    Info (12134): Parameter "port_clkbad0" = "PORT_UNUSED"
    Info (12134): Parameter "port_clkbad1" = "PORT_UNUSED"
    Info (12134): Parameter "port_clkloss" = "PORT_UNUSED"
    Info (12134): Parameter "port_clkswitch" = "PORT_UNUSED"
    Info (12134): Parameter "port_configupdate" = "PORT_UNUSED"
    Info (12134): Parameter "port_fbin" = "PORT_UNUSED"
    Info (12134): Parameter "port_inclk0" = "PORT_USED"
    Info (12134): Parameter "port_inclk1" = "PORT_UNUSED"
    Info (12134): Parameter "port_locked" = "PORT_UNUSED"
    Info (12134): Parameter "port_pfdena" = "PORT_UNUSED"
    Info (12134): Parameter "port_phasecounterselect" = "PORT_UNUSED"
    Info (12134): Parameter "port_phasedone" = "PORT_UNUSED"
    Info (12134): Parameter "port_phasestep" = "PORT_UNUSED"
    Info (12134): Parameter "port_phaseupdown" = "PORT_UNUSED"
    Info (12134): Parameter "port_pllena" = "PORT_UNUSED"
    Info (12134): Parameter "port_scanaclr" = "PORT_UNUSED"
    Info (12134): Parameter "port_scanclk" = "PORT_UNUSED"
    Info (12134): Parameter "port_scanclkena" = "PORT_UNUSED"
    Info (12134): Parameter "port_scandata" = "PORT_UNUSED"
    Info (12134): Parameter "port_scandataout" = "PORT_UNUSED"
    Info (12134): Parameter "port_scandone" = "PORT_UNUSED"
    Info (12134): Parameter "port_scanread" = "PORT_UNUSED"
    Info (12134): Parameter "port_scanwrite" = "PORT_UNUSED"
    Info (12134): Parameter "port_clk0" = "PORT_USED"
    Info (12134): Parameter "port_clk1" = "PORT_UNUSED"
    Info (12134): Parameter "port_clk2" = "PORT_UNUSED"
    Info (12134): Parameter "port_clk3" = "PORT_UNUSED"
    Info (12134): Parameter "port_clk4" = "PORT_UNUSED"
    Info (12134): Parameter "port_clk5" = "PORT_UNUSED"
    Info (12134): Parameter "port_clkena0" = "PORT_UNUSED"
    Info (12134): Parameter "port_clkena1" = "PORT_UNUSED"
    Info (12134): Parameter "port_clkena2" = "PORT_UNUSED"
    Info (12134): Parameter "port_clkena3" = "PORT_UNUSED"
    Info (12134): Parameter "port_clkena4" = "PORT_UNUSED"
    Info (12134): Parameter "port_clkena5" = "PORT_UNUSED"
    Info (12134): Parameter "port_extclk0" = "PORT_UNUSED"
    Info (12134): Parameter "port_extclk1" = "PORT_UNUSED"
    Info (12134): Parameter "port_extclk2" = "PORT_UNUSED"
    Info (12134): Parameter "port_extclk3" = "PORT_UNUSED"
    Info (12134): Parameter "width_clock" = "5"
Info (12021): Found 1 design units, including 1 entities, in source file db/mainpll_altpll.v
    Info (12023): Found entity 1: MainPLL_altpll
Info (12128): Elaborating entity "MainPLL_altpll" for hierarchy "MainPLL:inst3|altpll:altpll_component|MainPLL_altpll:auto_generated"
Info (12128): Elaborating entity "deadband" for hierarchy "deadband:inst8"
Info (12128): Elaborating entity "rectifier_clk" for hierarchy "rectifier_clk:inst5"
Info (12128): Elaborating entity "grid_duty" for hierarchy "grid_duty:inst6"
Info (12128): Elaborating entity "XFPGA_READ" for hierarchy "XFPGA_READ:inst2"
Info (12128): Elaborating entity "inverter_clk" for hierarchy "inverter_clk:inst16"
Info (12128): Elaborating entity "XFPGA_WRITE" for hierarchy "XFPGA_WRITE:inst4"
Warning (13027): Removed fan-outs from the following always-disabled I/O buffers
    Warning (13028): Removed fan-out from the always-disabled I/O buffer "XFPGA_READ:inst2|xdata[15]" to the node "XD[15]"
    Warning (13028): Removed fan-out from the always-disabled I/O buffer "XFPGA_READ:inst2|xdata[14]" to the node "XD[14]"
    Warning (13028): Removed fan-out from the always-disabled I/O buffer "XFPGA_READ:inst2|xdata[13]" to the node "XD[13]"
    Warning (13028): Removed fan-out from the always-disabled I/O buffer "XFPGA_READ:inst2|xdata[12]" to the node "XD[12]"
    Warning (13028): Removed fan-out from the always-disabled I/O buffer "XFPGA_READ:inst2|xdata[11]" to the node "XD[11]"
    Warning (13028): Removed fan-out from the always-disabled I/O buffer "XFPGA_READ:inst2|xdata[10]" to the node "XD[10]"
    Warning (13028): Removed fan-out from the always-disabled I/O buffer "XFPGA_READ:inst2|xdata[9]" to the node "XD[9]"
    Warning (13028): Removed fan-out from the always-disabled I/O buffer "XFPGA_READ:inst2|xdata[8]" to the node "XD[8]"
    Warning (13028): Removed fan-out from the always-disabled I/O buffer "XFPGA_READ:inst2|xdata[7]" to the node "XD[7]"
    Warning (13028): Removed fan-out from the always-disabled I/O buffer "XFPGA_READ:inst2|xdata[6]" to the node "XD[6]"
    Warning (13028): Removed fan-out from the always-disabled I/O buffer "XFPGA_READ:inst2|xdata[5]" to the node "XD[5]"
    Warning (13028): Removed fan-out from the always-disabled I/O buffer "XFPGA_READ:inst2|xdata[4]" to the node "XD[4]"
    Warning (13028): Removed fan-out from the always-disabled I/O buffer "XFPGA_READ:inst2|xdata[3]" to the node "XD[3]"
    Warning (13028): Removed fan-out from the always-disabled I/O buffer "XFPGA_READ:inst2|xdata[2]" to the node "XD[2]"
    Warning (13028): Removed fan-out from the always-disabled I/O buffer "XFPGA_READ:inst2|xdata[1]" to the node "XD[1]"
    Warning (13028): Removed fan-out from the always-disabled I/O buffer "XFPGA_READ:inst2|xdata[0]" to the node "XD[0]"
Info (13000): Registers with preset signals will power-up high
Info (13003): DEV_CLRn pin will set, and not reset, register with preset signal due to NOT Gate Push-Back
Info (286030): Timing-Driven Synthesis is running
Info (144001): Generated suppressed messages file D:/WORKSPACES/TSMC workspace/FOC of PMSM Drive Systems/FPGA/FPGA_TSMC_PMSM_B1_V1.0/output_files/DSP_FPGA_IMC_PMSM.map.smsg
Info (16010): Generating hard_block partition "hard_block:auto_generated_inst"
    Info (16011): Adding 1 node(s), including 0 DDIO, 1 PLL, 0 transceiver and 0 LCELL
Info (21057): Implemented 1153 device resources after synthesis - the final resource count might be different
    Info (21058): Implemented 26 input pins
    Info (21059): Implemented 22 output pins
    Info (21060): Implemented 16 bidirectional pins
    Info (21061): Implemented 1088 logic cells
    Info (21065): Implemented 1 PLLs
Info: Quartus II 64-Bit Analysis & Synthesis was successful. 0 errors, 17 warnings
    Info: Peak virtual memory: 4640 megabytes
    Info: Processing ended: Tue Aug 21 09:20:41 2018
    Info: Elapsed time: 00:00:04
    Info: Total CPU time (on all processors): 00:00:05


+------------------------------------------+
; Analysis & Synthesis Suppressed Messages ;
+------------------------------------------+
The suppressed messages can be found in D:/WORKSPACES/TSMC workspace/FOC of PMSM Drive Systems/FPGA/FPGA_TSMC_PMSM_B1_V1.0/output_files/DSP_FPGA_IMC_PMSM.map.smsg.


